[gen.flexbe.ai/99c68730/index.html]
[backblue.gif]
[fade.gif]
[index.html]
[gen.flexbe.ai/img/46425147.jpg]
[gen.flexbe.ai/_s/images/favicon.png]
[external.html]
[gen.flexbe.ai/_s/build/theme/4/_animations_slideup00cc.css]
[gen.flexbe.ai/_s/build/theme/4/components/menu00cc.css]
[gen.flexbe.ai/api/theme/4/2478_aa_ab_ad_af_ag_ai_aj_avHJMPQbdg/081c.css]
[gen.flexbe.ai/_app/lp/2686777_1751821009.css]
[gen.flexbe.ai/99c68730/#about-phymatics-champions-club.html]
[gen.flexbe.ai/99c68730/#instructional-videos-showcase.html]
[gen.flexbe.ai/99c68730/#photo-gallery.html]
[gen.flexbe.ai/99c68730/#resource-upload-invitation.html]
[gen.flexbe.ai/99c68730/#contact-and-location-information.html]
[gen.flexbe.ai/img/41641162.jpg]
[gen.flexbe.ai/img/41424486.jpg]
[gen.flexbe.ai/img/46425145.jpg]
[gen.flexbe.ai/img/41424443.jpg]
[gen.flexbe.ai/img/42589496.jpg]
[gen.flexbe.ai/img/41368700.jpg]
[gen.flexbe.ai/img/46425141.jpg]
[gen.flexbe.ai/api/theme/4/23568_aa_ab_ad_ae_apDFIKLXZbce/4ebb.js]
[gen.flexbe.ai/99c68730/index.html]
[gen.flexbe.ai/_s/build/theme/4/_animations_slideup00cc.css]
[gen.flexbe.ai/_s/build/theme/4/components/menu00cc.css]
[gen.flexbe.ai/api/theme/4/2478_aa_ab_ad_af_ag_ai_aj_avHJMPQbdg/081c.css]
[gen.flexbe.ai/_app/lp/2686777_1751821009.css]
[gen.flexbe.ai/_s/lib/jquery/noconflict-3.6.4+debounce.min.js]
[gen.flexbe.ai/99c68730/#about-phymatics-champions-club.html]
[gen.flexbe.ai/99c68730/#instructional-videos-showcase.html]
[gen.flexbe.ai/99c68730/#photo-gallery.html]
[gen.flexbe.ai/99c68730/#resource-upload-invitation.html]
[gen.flexbe.ai/99c68730/#contact-and-location-information.html]
